// Jest Snapshot v1, https://goo.gl/fbAQLP

exports[`collapse renders correctly 1`] = `
<DocumentFragment>
  <div
    class="collapse__CollapseWrap-t8cnoc-0 dUyYsj"
  >
    <div
      class="tm-panel"
    >
      <div
        class="collapse__Body-t8cnoc-2 kxbXqM tm-panel-body"
      >
        <span
          class="typography__Wrapper-sc-1jpifeu-0 jQVucy"
        >
          <span
            class="typography__Content-sc-1jpifeu-1 ijfWjz"
          >
            Panel Header 1
          </span>
        </span>
        <div
          style="margin-top: 30px;"
        >
          <div>
            Panel content
          </div>
        </div>
      </div>
    </div>
    <div
      class="tm-panel"
    >
      <div
        class="collapse__StyledHeader-t8cnoc-1 dzBvNx tm-panel-header"
      >
        <div
          style="display: inline-flex;"
        >
          <span
            class="typography__Wrapper-sc-1jpifeu-0 jQVucy"
          >
            <span
              class="typography__Content-sc-1jpifeu-1 ijfWjz"
            >
              Panel Header 2
            </span>
          </span>
        </div>
        <div
          style="display: inline-flex;"
        />
      </div>
    </div>
    <div
      class="tm-panel"
    >
      <div
        class="collapse__StyledHeader-t8cnoc-1 ezdfbP tm-panel-header"
        disabled=""
      >
        <div
          style="display: inline-flex;"
        >
          <span
            class="typography__Wrapper-sc-1jpifeu-0 jQVucy"
          >
            <span
              class="typography__Content-sc-1jpifeu-1 ijfWjz"
            >
              Panel Header 3
            </span>
          </span>
        </div>
        <div
          style="display: inline-flex;"
        />
      </div>
    </div>
  </div>
</DocumentFragment>
`;
